<unit><div id="unit-scope"></div></unit><unit><div id="unit-elema"></div><unit><div id="unit-elemb"></div></unit></unit><unit><div id="unit-elemb"></div></unit>